DATABASE_URL: postgres://postgres.rhuqnoyhsahcptkbqrnn:ESwxweuXE...
Creating adapter...
Creating PrismaClient...
Fetching users...
(node:30392) Warning: SECURITY WARNING: The SSL modes 'prefer', 'require', and 'verify-ca' are treated as aliases for 'verify-full'.
In the next major version (pg-connection-string v3.0.0 and pg v9.0.0), these modes will adopt standard libpq semantics, which have weaker security guarantees.

To prepare for this change:
- If you want the current behavior, explicitly use 'sslmode=verify-full'
- If you want libpq compatibility now, use 'uselibpqcompat=true&sslmode=require'

See https://www.postgresql.org/docs/current/libpq-ssl.html for libpq SSL mode definitions.
(Use `node --trace-warnings ...` to show where the warning was created)
Error: PrismaClientKnownRequestError: 
Invalid `prisma.user.findMany()` invocation in
C:\projetos\financas\test-prisma.ts:24:37

  21 
  22 console.log("Fetching users...");
  23 try {
→ 24   const users = await prisma.user.findMany(
Error opening a TLS connection: self-signed certificate in certificate chain
    at Vr.handleRequestError (C:\projetos\financas\node_modules\@prisma\client\src\runtime\RequestHandler.ts:228:13)
    at Vr.handleAndLogRequestError (C:\projetos\financas\node_modules\@prisma\client\src\runtime\RequestHandler.ts:174:12)
    at Vr.request (C:\projetos\financas\node_modules\@prisma\client\src\runtime\RequestHandler.ts:143:12)
    at process.processTicksAndRejections (node:internal/process/task_queues:105:5)
    at async a (C:\projetos\financas\node_modules\@prisma\client\src\runtime\getPrismaClient.ts:805:24)
    at async main (C:\projetos\financas\test-prisma.ts:24:19) {
  code: 'P1011',
  meta: {
    modelName: 'User',
    driverAdapterError: DriverAdapterError: TlsConnectionError
        at PrismaPgAdapter.onError (file:///C:/projetos/financas/node_modules/@prisma/adapter-pg/dist/index.mjs:651:11)
        at PrismaPgAdapter.performIO (file:///C:/projetos/financas/node_modules/@prisma/adapter-pg/dist/index.mjs:646:12)
        at process.processTicksAndRejections (node:internal/process/task_queues:105:5)
        at async PrismaPgAdapter.queryRaw (file:///C:/projetos/financas/node_modules/@prisma/adapter-pg/dist/index.mjs:566:30)
        at async e.interpretNode (C:\projetos\financas\node_modules\@prisma\client-engine-runtime\src\interpreter\query-interpreter.ts:182:26)
        at async e.interpretNode (C:\projetos\financas\node_modules\@prisma\client-engine-runtime\src\interpreter\query-interpreter.ts:268:41)
        at async e.run (C:\projetos\financas\node_modules\@prisma\client-engine-runtime\src\interpreter\query-interpreter.ts:93:23)
        at async e.execute (C:\projetos\financas\node_modules\@prisma\client\src\runtime\core\engines\client\LocalExecutor.ts:81:12)
        at async Dt.request (C:\projetos\financas\node_modules\@prisma\client\src\runtime\core\engines\client\ClientEngine.ts:461:22)
        at async Object.singleLoader (C:\projetos\financas\node_modules\@prisma\client\src\runtime\RequestHandler.ts:112:26) {
      cause: [Object]
    }
  },
  clientVersion: '7.3.0'
}
